[1/330] full_DT_V_raw_A0_T_main_seed0
[2/330] full_RF_V_raw_A0_T_main_seed0
[3/330] full_LGBM_V_raw_A0_T_main_seed0
/Users/hanfengdexuexiji/.matplotlib is not a writable directory
Matplotlib created a temporary cache directory at /var/folders/t2/9bk3bnqx2qgc7qzy9mcqsw7w0000gn/T/matplotlib-d66nxp1s because there was an issue with the default path (/Users/hanfengdexuexiji/.matplotlib); it is highly recommended to set the MPLCONFIGDIR environment variable to a writable directory, in particular to speed up the import of Matplotlib and to better support multiprocessing.
[4/330] full_CB_V_raw_A0_T_main_seed0
[5/330] full_DT_V_raw_A0_T_main_seed1
[6/330] full_RF_V_raw_A0_T_main_seed1
[7/330] full_LGBM_V_raw_A0_T_main_seed1
[8/330] full_CB_V_raw_A0_T_main_seed1
[9/330] full_DT_V_raw_A0_T_main_seed2
[10/330] full_RF_V_raw_A0_T_main_seed2
[11/330] full_LGBM_V_raw_A0_T_main_seed2
[12/330] full_CB_V_raw_A0_T_main_seed2
[13/330] full_DT_V_raw_A0_T_main_seed3
[14/330] full_RF_V_raw_A0_T_main_seed3
[15/330] full_LGBM_V_raw_A0_T_main_seed3
[16/330] full_CB_V_raw_A0_T_main_seed3
[17/330] full_DT_V_raw_A0_T_main_seed4
[18/330] full_RF_V_raw_A0_T_main_seed4
[19/330] full_LGBM_V_raw_A0_T_main_seed4
[20/330] full_CB_V_raw_A0_T_main_seed4
[21/330] full_DT_V_raw_A0_T_median_kept_seed0
[22/330] full_RF_V_raw_A0_T_median_kept_seed0
[23/330] full_LGBM_V_raw_A0_T_median_kept_seed0
[24/330] full_CB_V_raw_A0_T_median_kept_seed0
[25/330] full_DT_V_raw_A0_T_median_kept_seed1
[26/330] full_RF_V_raw_A0_T_median_kept_seed1
[27/330] full_LGBM_V_raw_A0_T_median_kept_seed1
[28/330] full_CB_V_raw_A0_T_median_kept_seed1
[29/330] full_DT_V_raw_A0_T_median_kept_seed2
[30/330] full_RF_V_raw_A0_T_median_kept_seed2
[31/330] full_LGBM_V_raw_A0_T_median_kept_seed2
[32/330] full_CB_V_raw_A0_T_median_kept_seed2
[33/330] full_DT_V_raw_A0_T_median_kept_seed3
[34/330] full_RF_V_raw_A0_T_median_kept_seed3
[35/330] full_LGBM_V_raw_A0_T_median_kept_seed3
[36/330] full_CB_V_raw_A0_T_median_kept_seed3
[37/330] full_DT_V_raw_A0_T_median_kept_seed4
[38/330] full_RF_V_raw_A0_T_median_kept_seed4
[39/330] full_LGBM_V_raw_A0_T_median_kept_seed4
[40/330] full_CB_V_raw_A0_T_median_kept_seed4
[41/330] full_DT_V_raw_A0_T_1e4_seed0
[42/330] full_RF_V_raw_A0_T_1e4_seed0
[43/330] full_LGBM_V_raw_A0_T_1e4_seed0
[44/330] full_CB_V_raw_A0_T_1e4_seed0
[45/330] full_DT_V_raw_A0_T_1e4_seed1
[46/330] full_RF_V_raw_A0_T_1e4_seed1
[47/330] full_LGBM_V_raw_A0_T_1e4_seed1
[48/330] full_CB_V_raw_A0_T_1e4_seed1
[49/330] full_DT_V_raw_A0_T_1e4_seed2
[50/330] full_RF_V_raw_A0_T_1e4_seed2
[51/330] full_LGBM_V_raw_A0_T_1e4_seed2
[52/330] full_CB_V_raw_A0_T_1e4_seed2
[53/330] full_DT_V_raw_A0_T_1e4_seed3
[54/330] full_RF_V_raw_A0_T_1e4_seed3
[55/330] full_LGBM_V_raw_A0_T_1e4_seed3
[56/330] full_CB_V_raw_A0_T_1e4_seed3
[57/330] full_DT_V_raw_A0_T_1e4_seed4
[58/330] full_RF_V_raw_A0_T_1e4_seed4
[59/330] full_LGBM_V_raw_A0_T_1e4_seed4
[60/330] full_CB_V_raw_A0_T_1e4_seed4
[61/330] full_DT_V_raw_A0_T_ratio_seed0
[62/330] full_RF_V_raw_A0_T_ratio_seed0
[63/330] full_LGBM_V_raw_A0_T_ratio_seed0
[64/330] full_CB_V_raw_A0_T_ratio_seed0
[65/330] full_DT_V_raw_A0_T_ratio_seed1
[66/330] full_RF_V_raw_A0_T_ratio_seed1
[67/330] full_LGBM_V_raw_A0_T_ratio_seed1
[68/330] full_CB_V_raw_A0_T_ratio_seed1
[69/330] full_DT_V_raw_A0_T_ratio_seed2
[70/330] full_RF_V_raw_A0_T_ratio_seed2
[71/330] full_LGBM_V_raw_A0_T_ratio_seed2
[72/330] full_CB_V_raw_A0_T_ratio_seed2
[73/330] full_DT_V_raw_A0_T_ratio_seed3
[74/330] full_RF_V_raw_A0_T_ratio_seed3
[75/330] full_LGBM_V_raw_A0_T_ratio_seed3
[76/330] full_CB_V_raw_A0_T_ratio_seed3
[77/330] full_DT_V_raw_A0_T_ratio_seed4
[78/330] full_RF_V_raw_A0_T_ratio_seed4
[79/330] full_LGBM_V_raw_A0_T_ratio_seed4
[80/330] full_CB_V_raw_A0_T_ratio_seed4
[81/330] ga_CB_V_raw_A0_T_main_seed0
[82/330] ga_AB_V_raw_A0_T_main_seed0
[83/330] ga_CB_V_raw_A0_T_main_seed1
[84/330] ga_AB_V_raw_A0_T_main_seed1
[85/330] ga_CB_V_raw_A0_T_main_seed2
[86/330] ga_AB_V_raw_A0_T_main_seed2
[87/330] ga_CB_V_raw_A0_T_main_seed3
[88/330] ga_AB_V_raw_A0_T_main_seed3
[89/330] ga_CB_V_raw_A0_T_main_seed4
[90/330] ga_AB_V_raw_A0_T_main_seed4
[91/330] full_DT_V_corr_A0_T_main_seed0
[92/330] full_RF_V_corr_A0_T_main_seed0
[93/330] full_LGBM_V_corr_A0_T_main_seed0
[94/330] full_CB_V_corr_A0_T_main_seed0
[95/330] stratified_cv_DT_fold0
[96/330] stratified_cv_RF_fold0
[97/330] stratified_cv_LGBM_fold0
[98/330] stratified_cv_CB_fold0
[99/330] stratified_cv_DT_fold1
[100/330] stratified_cv_RF_fold1
[101/330] stratified_cv_LGBM_fold1
[102/330] stratified_cv_CB_fold1
[103/330] stratified_cv_DT_fold2
[104/330] stratified_cv_RF_fold2
[105/330] stratified_cv_LGBM_fold2
[106/330] stratified_cv_CB_fold2
[107/330] stratified_cv_DT_fold3
[108/330] stratified_cv_RF_fold3
[109/330] stratified_cv_LGBM_fold3
[110/330] stratified_cv_CB_fold3
[111/330] stratified_cv_DT_fold4
[112/330] stratified_cv_RF_fold4
[113/330] stratified_cv_LGBM_fold4
[114/330] stratified_cv_CB_fold4
[115/330] group_kfold_DT_fold0
[116/330] group_kfold_RF_fold0
[117/330] group_kfold_LGBM_fold0
[118/330] group_kfold_CB_fold0
[119/330] group_kfold_DT_fold1
[120/330] group_kfold_RF_fold1
[121/330] group_kfold_LGBM_fold1
[122/330] group_kfold_CB_fold1
[123/330] group_kfold_DT_fold2
[124/330] group_kfold_RF_fold2
[125/330] group_kfold_LGBM_fold2
[126/330] group_kfold_CB_fold2
[127/330] group_kfold_DT_fold3
[128/330] group_kfold_RF_fold3
[129/330] group_kfold_LGBM_fold3
[130/330] group_kfold_CB_fold3
[131/330] group_kfold_DT_fold4
[132/330] group_kfold_RF_fold4
[133/330] group_kfold_LGBM_fold4
[134/330] group_kfold_CB_fold4
[135/330] loso_DT_fold0
[136/330] loso_RF_fold0
[137/330] loso_LGBM_fold0
[138/330] loso_CB_fold0
[139/330] loso_DT_fold1
[140/330] loso_RF_fold1
[141/330] loso_LGBM_fold1
[142/330] loso_CB_fold1
[143/330] loso_DT_fold2
[144/330] loso_RF_fold2
[145/330] loso_LGBM_fold2
[146/330] loso_CB_fold2
[147/330] loso_DT_fold3
[148/330] loso_RF_fold3
[149/330] loso_LGBM_fold3
[150/330] loso_CB_fold3
[151/330] loso_DT_fold4
[152/330] loso_RF_fold4
[153/330] loso_LGBM_fold4
[154/330] loso_CB_fold4
[155/330] loso_DT_fold5
[156/330] loso_RF_fold5
[157/330] loso_LGBM_fold5
[158/330] loso_CB_fold5
[159/330] loso_DT_fold6
[160/330] loso_RF_fold6
[161/330] loso_LGBM_fold6
[162/330] loso_CB_fold6
[163/330] loso_DT_fold7
[164/330] loso_RF_fold7
[165/330] loso_LGBM_fold7
[166/330] loso_CB_fold7
[167/330] loso_DT_fold8
[168/330] loso_RF_fold8
[169/330] loso_LGBM_fold8
[170/330] loso_CB_fold8
[171/330] loso_DT_fold9
[172/330] loso_RF_fold9
[173/330] loso_LGBM_fold9
[174/330] loso_CB_fold9
[175/330] loso_DT_fold10
[176/330] loso_RF_fold10
[177/330] loso_LGBM_fold10
[178/330] loso_CB_fold10
[179/330] loso_DT_fold11
[180/330] loso_RF_fold11
[181/330] loso_LGBM_fold11
[182/330] loso_CB_fold11
[183/330] loso_DT_fold12
[184/330] loso_RF_fold12
[185/330] loso_LGBM_fold12
[186/330] loso_CB_fold12
[187/330] loso_DT_fold13
[188/330] loso_RF_fold13
[189/330] loso_LGBM_fold13
[190/330] loso_CB_fold13
[191/330] loso_DT_fold14
[192/330] loso_RF_fold14
[193/330] loso_LGBM_fold14
[194/330] loso_CB_fold14
[195/330] loso_DT_fold15
[196/330] loso_RF_fold15
[197/330] loso_LGBM_fold15
[198/330] loso_CB_fold15
[199/330] loso_DT_fold16
[200/330] loso_RF_fold16
[201/330] loso_LGBM_fold16
[202/330] loso_CB_fold16
[203/330] loso_DT_fold17
[204/330] loso_RF_fold17
[205/330] loso_LGBM_fold17
[206/330] loso_CB_fold17
[207/330] loso_DT_fold18
[208/330] loso_RF_fold18
[209/330] loso_LGBM_fold18
[210/330] loso_CB_fold18
[211/330] loso_DT_fold19
[212/330] loso_RF_fold19
[213/330] loso_LGBM_fold19
[214/330] loso_CB_fold19
[215/330] loso_DT_fold20
[216/330] loso_RF_fold20
[217/330] loso_LGBM_fold20
[218/330] loso_CB_fold20
[219/330] loso_DT_fold21
[220/330] loso_RF_fold21
[221/330] loso_LGBM_fold21
[222/330] loso_CB_fold21
[223/330] loso_DT_fold22
[224/330] loso_RF_fold22
[225/330] loso_LGBM_fold22
[226/330] loso_CB_fold22
[227/330] loso_DT_fold23
[228/330] loso_RF_fold23
[229/330] loso_LGBM_fold23
[230/330] loso_CB_fold23
[231/330] loso_DT_fold24
[232/330] loso_RF_fold24
[233/330] loso_LGBM_fold24
[234/330] loso_CB_fold24
[235/330] loso_DT_fold25
[236/330] loso_RF_fold25
[237/330] loso_LGBM_fold25
[238/330] loso_CB_fold25
[239/330] loso_DT_fold26
[240/330] loso_RF_fold26
[241/330] loso_LGBM_fold26
[242/330] loso_CB_fold26
[243/330] loso_DT_fold27
[244/330] loso_RF_fold27
[245/330] loso_LGBM_fold27
[246/330] loso_CB_fold27
[247/330] loso_DT_fold28
[248/330] loso_RF_fold28
[249/330] loso_LGBM_fold28
[250/330] loso_CB_fold28
[251/330] loso_DT_fold29
[252/330] loso_RF_fold29
[253/330] loso_LGBM_fold29
[254/330] loso_CB_fold29
[255/330] loso_DT_fold30
[256/330] loso_RF_fold30
[257/330] loso_LGBM_fold30
[258/330] loso_CB_fold30
[259/330] loso_DT_fold31
[260/330] loso_RF_fold31
[261/330] loso_LGBM_fold31
[262/330] loso_CB_fold31
[263/330] loso_DT_fold32
[264/330] loso_RF_fold32
[265/330] loso_LGBM_fold32
[266/330] loso_CB_fold32
[267/330] loso_DT_fold33
[268/330] loso_RF_fold33
[269/330] loso_LGBM_fold33
[270/330] loso_CB_fold33
[271/330] loso_DT_fold34
[272/330] loso_RF_fold34
[273/330] loso_LGBM_fold34
[274/330] loso_CB_fold34
[275/330] loso_DT_fold35
[276/330] loso_RF_fold35
[277/330] loso_LGBM_fold35
[278/330] loso_CB_fold35
[279/330] loso_DT_fold36
[280/330] loso_RF_fold36
[281/330] loso_LGBM_fold36
[282/330] loso_CB_fold36
[283/330] loso_DT_fold37
[284/330] loso_RF_fold37
[285/330] loso_LGBM_fold37
[286/330] loso_CB_fold37
[287/330] loso_DT_fold38
[288/330] loso_RF_fold38
[289/330] loso_LGBM_fold38
[290/330] loso_CB_fold38
[291/330] loso_DT_fold39
[292/330] loso_RF_fold39
[293/330] loso_LGBM_fold39
[294/330] loso_CB_fold39
[295/330] loso_DT_fold40
[296/330] loso_RF_fold40
[297/330] loso_LGBM_fold40
[298/330] loso_CB_fold40
[299/330] loso_DT_fold41
[300/330] loso_RF_fold41
[301/330] loso_LGBM_fold41
[302/330] loso_CB_fold41
[303/330] loso_DT_fold42
[304/330] loso_RF_fold42
[305/330] loso_LGBM_fold42
[306/330] loso_CB_fold42
[307/330] loso_DT_fold43
[308/330] loso_RF_fold43
[309/330] loso_LGBM_fold43
[310/330] loso_CB_fold43
[311/330] loso_DT_fold44
[312/330] loso_RF_fold44
[313/330] loso_LGBM_fold44
[314/330] loso_CB_fold44
[315/330] loso_DT_fold45
[316/330] loso_RF_fold45
[317/330] loso_LGBM_fold45
[318/330] loso_CB_fold45
[319/330] loso_DT_fold46
[320/330] loso_RF_fold46
[321/330] loso_LGBM_fold46
[322/330] loso_CB_fold46
[323/330] loso_DT_fold47
[324/330] loso_RF_fold47
[325/330] loso_LGBM_fold47
[326/330] loso_CB_fold47
[327/330] loso_DT_fold48
[328/330] loso_RF_fold48
[329/330] loso_LGBM_fold48
[330/330] loso_CB_fold48
.....................................                                    [100%]
=============================== warnings summary ===============================
tests/test_models.py::test_grid_and_bundle_roundtrip_exclude_evaluation_labels[LGBM-grid2]
  /Users/hanfengdexuexiji/Library/Python/3.9/lib/python/site-packages/matplotlib/_fontconfig_pattern.py:64: PyparsingDeprecationWarning: 'oneOf' deprecated - use 'one_of'
    prop = Group((name + Suppress("=") + comma_separated(value)) | oneOf(_CONSTANTS))

tests/test_models.py::test_grid_and_bundle_roundtrip_exclude_evaluation_labels[LGBM-grid2]
tests/test_models.py::test_grid_and_bundle_roundtrip_exclude_evaluation_labels[LGBM-grid2]
tests/test_models.py::test_grid_and_bundle_roundtrip_exclude_evaluation_labels[LGBM-grid2]
tests/test_models.py::test_grid_and_bundle_roundtrip_exclude_evaluation_labels[LGBM-grid2]
tests/test_models.py::test_grid_and_bundle_roundtrip_exclude_evaluation_labels[LGBM-grid2]
tests/test_models.py::test_grid_and_bundle_roundtrip_exclude_evaluation_labels[LGBM-grid2]
  /Users/hanfengdexuexiji/Library/Python/3.9/lib/python/site-packages/matplotlib/_fontconfig_pattern.py:85: PyparsingDeprecationWarning: 'parseString' deprecated - use 'parse_string'
    parse = parser.parseString(pattern)

tests/test_models.py::test_grid_and_bundle_roundtrip_exclude_evaluation_labels[LGBM-grid2]
tests/test_models.py::test_grid_and_bundle_roundtrip_exclude_evaluation_labels[LGBM-grid2]
tests/test_models.py::test_grid_and_bundle_roundtrip_exclude_evaluation_labels[LGBM-grid2]
tests/test_models.py::test_grid_and_bundle_roundtrip_exclude_evaluation_labels[LGBM-grid2]
tests/test_models.py::test_grid_and_bundle_roundtrip_exclude_evaluation_labels[LGBM-grid2]
tests/test_models.py::test_grid_and_bundle_roundtrip_exclude_evaluation_labels[LGBM-grid2]
  /Users/hanfengdexuexiji/Library/Python/3.9/lib/python/site-packages/matplotlib/_fontconfig_pattern.py:89: PyparsingDeprecationWarning: 'resetCache' deprecated - use 'reset_cache'
    parser.resetCache()

-- Docs: https://docs.pytest.org/en/stable/how-to/capture-warnings.html
- generated xml file: /var/folders/t2/9bk3bnqx2qgc7qzy9mcqsw7w0000gn/T/tmpnp4bimna/tests.xml -
37 passed, 13 warnings in 16.00s
M2 COMPUTATION COMPLETE; all saved models reloaded and checked.
